// Jest Snapshot v1, https://goo.gl/fbAQLP

exports[`Book Component should match the snapshot 1`] = `
<div
  id="book_page"
>
  <img
    alt={undefined}
    className="main"
    src={undefined}
  />
  <h1 />
  <h2>
    by 
  </h2>
  <dl>
    <dt>
      First Published
    </dt>
    <dd />
    <dt>
      Rating
    </dt>
    <dd>
      /5
    </dd>
    <dt>
      Number of Ratings
    </dt>
    <dd />
    <dt>
      Length
    </dt>
    <dd>
       pages
    </dd>
    <dt>
      ISBN
    </dt>
    <dd />
  </dl>
</div>
`;
